The target system is: Android - 1 - aarch64
The host system is: Linux - 6.14.0-29-generic - x86_64
Compiling the C compiler identification source file "CMakeCCompilerId.c" succeeded.
Compiler: /home/goldendarkness/Android/sdk/ndk/28.2.13676358/toolchains/llvm/prebuilt/linux-x86_64/bin/clang 
Build flags: -g;-DANDROID;-fdata-sections;-ffunction-sections;-funwind-tables;-fstack-protector-strong;-no-canonical-prefixes;-D_FORTIFY_SOURCE=2;-Wformat;-Werror=format-security;
Id flags: -c;--target=aarch64-none-linux-android24 

The output was:
0


Compilation of the C compiler identification source "CMakeCCompilerId.c" produced "CMakeCCompilerId.o"

The C compiler identification is Clang, found in "/home/goldendarkness/Documents/YamiSpeaker/android-client/app/.cxx/Debug/5l2j2t2k/arm64-v8a/CMakeFiles/3.22.1-g37088a8/CompilerIdC/CMakeCCompilerId.o"

Compiling the CXX compiler identification source file "CMakeCXXCompilerId.cpp" succeeded.
Compiler: /home/goldendarkness/Android/sdk/ndk/28.2.13676358/toolchains/llvm/prebuilt/linux-x86_64/bin/clang++ 
Build flags: -g;-DANDROID;-fdata-sections;-ffunction-sections;-funwind-tables;-fstack-protector-strong;-no-canonical-prefixes;-D_FORTIFY_SOURCE=2;-Wformat;-Werror=format-security;;
Id flags: -c;--target=aarch64-none-linux-android24 

The output was:
0


Compilation of the CXX compiler identification source "CMakeCXXCompilerId.cpp" produced "CMakeCXXCompilerId.o"

The CXX compiler identification is Clang, found in "/home/goldendarkness/Documents/YamiSpeaker/android-client/app/.cxx/Debug/5l2j2t2k/arm64-v8a/CMakeFiles/3.22.1-g37088a8/CompilerIdCXX/CMakeCXXCompilerId.o"

Detecting C compiler ABI info compiled with the following output:
Change Dir: /home/goldendarkness/Documents/YamiSpeaker/android-client/app/.cxx/Debug/5l2j2t2k/arm64-v8a/CMakeFiles/CMakeTmp

Run Build Command(s):/home/goldendarkness/Android/sdk/cmake/3.22.1/bin/ninja cmTC_3836f && [1/2] Building C object CMakeFiles/cmTC_3836f.dir/CMakeCCompilerABI.c.o
Android (13624864, +pgo, +bolt, +lto, +mlgo, based on r530567e) clang version 19.0.1 (https://android.googlesource.com/toolchain/llvm-project 97a699bf4812a18fb657c2779f5296a4ab2694d2)
Target: aarch64-none-linux-android24
Thread model: posix
InstalledDir: /home/goldendarkness/Android/sdk/ndk/28.2.13676358/toolchains/llvm/prebuilt/linux-x86_64/bin
 (in-process)
 "/home/goldendarkness/Android/sdk/ndk/28.2.13676358/toolchains/llvm/prebuilt/linux-x86_64/bin/clang" -cc1 -triple aarch64-none-linux-android24 -emit-obj -mrelax-all -disable-free -clear-ast-before-backend -disable-llvm-verifier -discard-value-names -main-file-name CMakeCCompilerABI.c -mrelocation-model pic -pic-level 2 -pic-is-pie -mframe-pointer=non-leaf -ffp-contract=on -fno-rounding-math -mconstructor-aliases -funwind-tables=2 -target-cpu generic -target-feature +v8a -target-feature +fp-armv8 -target-feature +neon -target-feature +fix-cortex-a53-835769 -target-abi aapcs -debug-info-kind=constructor -dwarf-version=4 -debugger-tuning=gdb -fdebug-compilation-dir=/home/goldendarkness/Documents/YamiSpeaker/android-client/app/.cxx/Debug/5l2j2t2k/arm64-v8a/CMakeFiles/CMakeTmp -v -ffunction-sections -fdata-sections -fcoverage-compilation-dir=/home/goldendarkness/Documents/YamiSpeaker/android-client/app/.cxx/Debug/5l2j2t2k/arm64-v8a/CMakeFiles/CMakeTmp -resource-dir /home/goldendarkness/Android/sdk/ndk/28.2.13676358/toolchains/llvm/prebuilt/linux-x86_64/lib/clang/19 -dependency-file CMakeFiles/cmTC_3836f.dir/CMakeCCompilerABI.c.o.d -MT CMakeFiles/cmTC_3836f.dir/CMakeCCompilerABI.c.o -sys-header-deps -D ANDROID -D _FORTIFY_SOURCE=2 -isysroot /home/goldendarkness/Android/sdk/ndk/28.2.13676358/toolchains/llvm/prebuilt/linux-x86_64/sysroot -internal-isystem /home/goldendarkness/Android/sdk/ndk/28.2.13676358/toolchains/llvm/prebuilt/linux-x86_64/lib/clang/19/include -internal-isystem /home/goldendarkness/Android/sdk/ndk/28.2.13676358/toolchains/llvm/prebuilt/linux-x86_64/sysroot/usr/local/include -internal-externc-isystem /home/goldendarkness/Android/sdk/ndk/28.2.13676358/toolchains/llvm/prebuilt/linux-x86_64/sysroot/usr/include/aarch64-linux-android -internal-externc-isystem /home/goldendarkness/Android/sdk/ndk/28.2.13676358/toolchains/llvm/prebuilt/linux-x86_64/sysroot/include -internal-externc-isystem /home/goldendarkness/Android/sdk/ndk/28.2.13676358/toolchains/llvm/prebuilt/linux-x86_64/sysroot/usr/include -Wformat -ferror-limit 19 -femulated-tls -stack-protector 2 -fno-signed-char -fgnuc-version=4.2.1 -fskip-odr-check-in-gmf -target-feature +outline-atomics -D__GCC_HAVE_DWARF2_CFI_ASM=1 -o CMakeFiles/cmTC_3836f.dir/CMakeCCompilerABI.c.o -x c /home/goldendarkness/Android/sdk/cmake/3.22.1/share/cmake-3.22/Modules/CMakeCCompilerABI.c
clang -cc1 version 19.0.1 based upon LLVM 19.0.1 default target x86_64-unknown-linux-gnu
ignoring nonexistent directory "/home/goldendarkness/Android/sdk/ndk/28.2.13676358/toolchains/llvm/prebuilt/linux-x86_64/sysroot/usr/local/include"
ignoring nonexistent directory "/home/goldendarkness/Android/sdk/ndk/28.2.13676358/toolchains/llvm/prebuilt/linux-x86_64/sysroot/include"
#include "..." search starts here:
#include <...> search starts here:
 /home/goldendarkness/Android/sdk/ndk/28.2.13676358/toolchains/llvm/prebuilt/linux-x86_64/lib/clang/19/include
 /home/goldendarkness/Android/sdk/ndk/28.2.13676358/toolchains/llvm/prebuilt/linux-x86_64/sysroot/usr/include/aarch64-linux-android
 /home/goldendarkness/Android/sdk/ndk/28.2.13676358/toolchains/llvm/prebuilt/linux-x86_64/sysroot/usr/include
End of search list.
[2/2] Linking C executable cmTC_3836f
Android (13624864, +pgo, +bolt, +lto, +mlgo, based on r530567e) clang version 19.0.1 (https://android.googlesource.com/toolchain/llvm-project 97a699bf4812a18fb657c2779f5296a4ab2694d2)
Target: aarch64-none-linux-android24
Thread model: posix
InstalledDir: /home/goldendarkness/Android/sdk/ndk/28.2.13676358/toolchains/llvm/prebuilt/linux-x86_64/bin
 "/home/goldendarkness/Android/sdk/ndk/28.2.13676358/toolchains/llvm/prebuilt/linux-x86_64/bin/ld.lld" --sysroot=/home/goldendarkness/Android/sdk/ndk/28.2.13676358/toolchains/llvm/prebuilt/linux-x86_64/sysroot -EL --fix-cortex-a53-843419 -z now -z relro -z max-page-size=16384 --hash-style=gnu --eh-frame-hdr -m aarch64linux -pie -dynamic-linker /system/bin/linker64 -o cmTC_3836f /home/goldendarkness/Android/sdk/ndk/28.2.13676358/toolchains/llvm/prebuilt/linux-x86_64/sysroot/usr/lib/aarch64-linux-android/24/crtbegin_dynamic.o -L/home/goldendarkness/Android/sdk/ndk/28.2.13676358/toolchains/llvm/prebuilt/linux-x86_64/lib/clang/19/lib/linux/aarch64 -L/home/goldendarkness/Android/sdk/ndk/28.2.13676358/toolchains/llvm/prebuilt/linux-x86_64/sysroot/usr/lib/aarch64-linux-android/24 -L/home/goldendarkness/Android/sdk/ndk/28.2.13676358/toolchains/llvm/prebuilt/linux-x86_64/sysroot/usr/lib/aarch64-linux-android -L/home/goldendarkness/Android/sdk/ndk/28.2.13676358/toolchains/llvm/prebuilt/linux-x86_64/sysroot/usr/lib --build-id=sha1 --no-rosegment --no-undefined-version --fatal-warnings --no-undefined CMakeFiles/cmTC_3836f.dir/CMakeCCompilerABI.c.o /home/goldendarkness/Android/sdk/ndk/28.2.13676358/toolchains/llvm/prebuilt/linux-x86_64/lib/clang/19/lib/linux/libclang_rt.builtins-aarch64-android.a -l:libunwind.a -ldl -lc /home/goldendarkness/Android/sdk/ndk/28.2.13676358/toolchains/llvm/prebuilt/linux-x86_64/lib/clang/19/lib/linux/libclang_rt.builtins-aarch64-android.a -l:libunwind.a -ldl /home/goldendarkness/Android/sdk/ndk/28.2.13676358/toolchains/llvm/prebuilt/linux-x86_64/sysroot/usr/lib/aarch64-linux-android/24/crtend_android.o



Parsed C implicit include dir info from above output: rv=done
  found start of include info
  found start of implicit include info
    add: [/home/goldendarkness/Android/sdk/ndk/28.2.13676358/toolchains/llvm/prebuilt/linux-x86_64/lib/clang/19/include]
    add: [/home/goldendarkness/Android/sdk/ndk/28.2.13676358/toolchains/llvm/prebuilt/linux-x86_64/sysroot/usr/include/aarch64-linux-android]
    add: [/home/goldendarkness/Android/sdk/ndk/28.2.13676358/toolchains/llvm/prebuilt/linux-x86_64/sysroot/usr/include]
  end of search list found
  collapse include dir [/home/goldendarkness/Android/sdk/ndk/28.2.13676358/toolchains/llvm/prebuilt/linux-x86_64/lib/clang/19/include] ==> [/home/goldendarkness/Android/sdk/ndk/28.2.13676358/toolchains/llvm/prebuilt/linux-x86_64/lib/clang/19/include]
  collapse include dir [/home/goldendarkness/Android/sdk/ndk/28.2.13676358/toolchains/llvm/prebuilt/linux-x86_64/sysroot/usr/include/aarch64-linux-android] ==> [/home/goldendarkness/Android/sdk/ndk/28.2.13676358/toolchains/llvm/prebuilt/linux-x86_64/sysroot/usr/include/aarch64-linux-android]
  collapse include dir [/home/goldendarkness/Android/sdk/ndk/28.2.13676358/toolchains/llvm/prebuilt/linux-x86_64/sysroot/usr/include] ==> [/home/goldendarkness/Android/sdk/ndk/28.2.13676358/toolchains/llvm/prebuilt/linux-x86_64/sysroot/usr/include]
  implicit include dirs: [/home/goldendarkness/Android/sdk/ndk/28.2.13676358/toolchains/llvm/prebuilt/linux-x86_64/lib/clang/19/include;/home/goldendarkness/Android/sdk/ndk/28.2.13676358/toolchains/llvm/prebuilt/linux-x86_64/sysroot/usr/include/aarch64-linux-android;/home/goldendarkness/Android/sdk/ndk/28.2.13676358/toolchains/llvm/prebuilt/linux-x86_64/sysroot/usr/include]


Parsed C implicit link information from above output:
  link line regex: [^( *|.*[/\])(ld\.lld|CMAKE_LINK_STARTFILE-NOTFOUND|([^/\]+-)?ld|collect2)[^/\]*( |$)]
  ignore line: [Change Dir: /home/goldendarkness/Documents/YamiSpeaker/android-client/app/.cxx/Debug/5l2j2t2k/arm64-v8a/CMakeFiles/CMakeTmp]
  ignore line: []
  ignore line: [Run Build Command(s):/home/goldendarkness/Android/sdk/cmake/3.22.1/bin/ninja cmTC_3836f && [1/2] Building C object CMakeFiles/cmTC_3836f.dir/CMakeCCompilerABI.c.o]
  ignore line: [Android (13624864  +pgo  +bolt  +lto  +mlgo  based on r530567e) clang version 19.0.1 (https://android.googlesource.com/toolchain/llvm-project 97a699bf4812a18fb657c2779f5296a4ab2694d2)]
  ignore line: [Target: aarch64-none-linux-android24]
  ignore line: [Thread model: posix]
  ignore line: [InstalledDir: /home/goldendarkness/Android/sdk/ndk/28.2.13676358/toolchains/llvm/prebuilt/linux-x86_64/bin]
  ignore line: [ (in-process)]
  ignore line: [ "/home/goldendarkness/Android/sdk/ndk/28.2.13676358/toolchains/llvm/prebuilt/linux-x86_64/bin/clang" -cc1 -triple aarch64-none-linux-android24 -emit-obj -mrelax-all -disable-free -clear-ast-before-backend -disable-llvm-verifier -discard-value-names -main-file-name CMakeCCompilerABI.c -mrelocation-model pic -pic-level 2 -pic-is-pie -mframe-pointer=non-leaf -ffp-contract=on -fno-rounding-math -mconstructor-aliases -funwind-tables=2 -target-cpu generic -target-feature +v8a -target-feature +fp-armv8 -target-feature +neon -target-feature +fix-cortex-a53-835769 -target-abi aapcs -debug-info-kind=constructor -dwarf-version=4 -debugger-tuning=gdb -fdebug-compilation-dir=/home/goldendarkness/Documents/YamiSpeaker/android-client/app/.cxx/Debug/5l2j2t2k/arm64-v8a/CMakeFiles/CMakeTmp -v -ffunction-sections -fdata-sections -fcoverage-compilation-dir=/home/goldendarkness/Documents/YamiSpeaker/android-client/app/.cxx/Debug/5l2j2t2k/arm64-v8a/CMakeFiles/CMakeTmp -resource-dir /home/goldendarkness/Android/sdk/ndk/28.2.13676358/toolchains/llvm/prebuilt/linux-x86_64/lib/clang/19 -dependency-file CMakeFiles/cmTC_3836f.dir/CMakeCCompilerABI.c.o.d -MT CMakeFiles/cmTC_3836f.dir/CMakeCCompilerABI.c.o -sys-header-deps -D ANDROID -D _FORTIFY_SOURCE=2 -isysroot /home/goldendarkness/Android/sdk/ndk/28.2.13676358/toolchains/llvm/prebuilt/linux-x86_64/sysroot -internal-isystem /home/goldendarkness/Android/sdk/ndk/28.2.13676358/toolchains/llvm/prebuilt/linux-x86_64/lib/clang/19/include -internal-isystem /home/goldendarkness/Android/sdk/ndk/28.2.13676358/toolchains/llvm/prebuilt/linux-x86_64/sysroot/usr/local/include -internal-externc-isystem /home/goldendarkness/Android/sdk/ndk/28.2.13676358/toolchains/llvm/prebuilt/linux-x86_64/sysroot/usr/include/aarch64-linux-android -internal-externc-isystem /home/goldendarkness/Android/sdk/ndk/28.2.13676358/toolchains/llvm/prebuilt/linux-x86_64/sysroot/include -internal-externc-isystem /home/goldendarkness/Android/sdk/ndk/28.2.13676358/toolchains/llvm/prebuilt/linux-x86_64/sysroot/usr/include -Wformat -ferror-limit 19 -femulated-tls -stack-protector 2 -fno-signed-char -fgnuc-version=4.2.1 -fskip-odr-check-in-gmf -target-feature +outline-atomics -D__GCC_HAVE_DWARF2_CFI_ASM=1 -o CMakeFiles/cmTC_3836f.dir/CMakeCCompilerABI.c.o -x c /home/goldendarkness/Android/sdk/cmake/3.22.1/share/cmake-3.22/Modules/CMakeCCompilerABI.c]
  ignore line: [clang -cc1 version 19.0.1 based upon LLVM 19.0.1 default target x86_64-unknown-linux-gnu]
  ignore line: [ignoring nonexistent directory "/home/goldendarkness/Android/sdk/ndk/28.2.13676358/toolchains/llvm/prebuilt/linux-x86_64/sysroot/usr/local/include"]
  ignore line: [ignoring nonexistent directory "/home/goldendarkness/Android/sdk/ndk/28.2.13676358/toolchains/llvm/prebuilt/linux-x86_64/sysroot/include"]
  ignore line: [#include "..." search starts here:]
  ignore line: [#include <...> search starts here:]
  ignore line: [ /home/goldendarkness/Android/sdk/ndk/28.2.13676358/toolchains/llvm/prebuilt/linux-x86_64/lib/clang/19/include]
  ignore line: [ /home/goldendarkness/Android/sdk/ndk/28.2.13676358/toolchains/llvm/prebuilt/linux-x86_64/sysroot/usr/include/aarch64-linux-android]
  ignore line: [ /home/goldendarkness/Android/sdk/ndk/28.2.13676358/toolchains/llvm/prebuilt/linux-x86_64/sysroot/usr/include]
  ignore line: [End of search list.]
  ignore line: [[2/2] Linking C executable cmTC_3836f]
  ignore line: [Android (13624864  +pgo  +bolt  +lto  +mlgo  based on r530567e) clang version 19.0.1 (https://android.googlesource.com/toolchain/llvm-project 97a699bf4812a18fb657c2779f5296a4ab2694d2)]
  ignore line: [Target: aarch64-none-linux-android24]
  ignore line: [Thread model: posix]
  ignore line: [InstalledDir: /home/goldendarkness/Android/sdk/ndk/28.2.13676358/toolchains/llvm/prebuilt/linux-x86_64/bin]
  link line: [ "/home/goldendarkness/Android/sdk/ndk/28.2.13676358/toolchains/llvm/prebuilt/linux-x86_64/bin/ld.lld" --sysroot=/home/goldendarkness/Android/sdk/ndk/28.2.13676358/toolchains/llvm/prebuilt/linux-x86_64/sysroot -EL --fix-cortex-a53-843419 -z now -z relro -z max-page-size=16384 --hash-style=gnu --eh-frame-hdr -m aarch64linux -pie -dynamic-linker /system/bin/linker64 -o cmTC_3836f /home/goldendarkness/Android/sdk/ndk/28.2.13676358/toolchains/llvm/prebuilt/linux-x86_64/sysroot/usr/lib/aarch64-linux-android/24/crtbegin_dynamic.o -L/home/goldendarkness/Android/sdk/ndk/28.2.13676358/toolchains/llvm/prebuilt/linux-x86_64/lib/clang/19/lib/linux/aarch64 -L/home/goldendarkness/Android/sdk/ndk/28.2.13676358/toolchains/llvm/prebuilt/linux-x86_64/sysroot/usr/lib/aarch64-linux-android/24 -L/home/goldendarkness/Android/sdk/ndk/28.2.13676358/toolchains/llvm/prebuilt/linux-x86_64/sysroot/usr/lib/aarch64-linux-android -L/home/goldendarkness/Android/sdk/ndk/28.2.13676358/toolchains/llvm/prebuilt/linux-x86_64/sysroot/usr/lib --build-id=sha1 --no-rosegment --no-undefined-version --fatal-warnings --no-undefined CMakeFiles/cmTC_3836f.dir/CMakeCCompilerABI.c.o /home/goldendarkness/Android/sdk/ndk/28.2.13676358/toolchains/llvm/prebuilt/linux-x86_64/lib/clang/19/lib/linux/libclang_rt.builtins-aarch64-android.a -l:libunwind.a -ldl -lc /home/goldendarkness/Android/sdk/ndk/28.2.13676358/toolchains/llvm/prebuilt/linux-x86_64/lib/clang/19/lib/linux/libclang_rt.builtins-aarch64-android.a -l:libunwind.a -ldl /home/goldendarkness/Android/sdk/ndk/28.2.13676358/toolchains/llvm/prebuilt/linux-x86_64/sysroot/usr/lib/aarch64-linux-android/24/crtend_android.o]
    arg [/home/goldendarkness/Android/sdk/ndk/28.2.13676358/toolchains/llvm/prebuilt/linux-x86_64/bin/ld.lld] ==> ignore
    arg [--sysroot=/home/goldendarkness/Android/sdk/ndk/28.2.13676358/toolchains/llvm/prebuilt/linux-x86_64/sysroot] ==> ignore
    arg [-EL] ==> ignore
    arg [--fix-cortex-a53-843419] ==> ignore
    arg [-znow] ==> ignore
    arg [-zrelro] ==> ignore
    arg [-zmax-page-size=16384] ==> ignore
    arg [--hash-style=gnu] ==> ignore
    arg [--eh-frame-hdr] ==> ignore
    arg [-m] ==> ignore
    arg [aarch64linux] ==> ignore
    arg [-pie] ==> ignore
    arg [-dynamic-linker] ==> ignore
    arg [/system/bin/linker64] ==> ignore
    arg [-o] ==> ignore
    arg [cmTC_3836f] ==> ignore
    arg [/home/goldendarkness/Android/sdk/ndk/28.2.13676358/toolchains/llvm/prebuilt/linux-x86_64/sysroot/usr/lib/aarch64-linux-android/24/crtbegin_dynamic.o] ==> obj [/home/goldendarkness/Android/sdk/ndk/28.2.13676358/toolchains/llvm/prebuilt/linux-x86_64/sysroot/usr/lib/aarch64-linux-android/24/crtbegin_dynamic.o]
    arg [-L/home/goldendarkness/Android/sdk/ndk/28.2.13676358/toolchains/llvm/prebuilt/linux-x86_64/lib/clang/19/lib/linux/aarch64] ==> dir [/home/goldendarkness/Android/sdk/ndk/28.2.13676358/toolchains/llvm/prebuilt/linux-x86_64/lib/clang/19/lib/linux/aarch64]
    arg [-L/home/goldendarkness/Android/sdk/ndk/28.2.13676358/toolchains/llvm/prebuilt/linux-x86_64/sysroot/usr/lib/aarch64-linux-android/24] ==> dir [/home/goldendarkness/Android/sdk/ndk/28.2.13676358/toolchains/llvm/prebuilt/linux-x86_64/sysroot/usr/lib/aarch64-linux-android/24]
    arg [-L/home/goldendarkness/Android/sdk/ndk/28.2.13676358/toolchains/llvm/prebuilt/linux-x86_64/sysroot/usr/lib/aarch64-linux-android] ==> dir [/home/goldendarkness/Android/sdk/ndk/28.2.13676358/toolchains/llvm/prebuilt/linux-x86_64/sysroot/usr/lib/aarch64-linux-android]
    arg [-L/home/goldendarkness/Android/sdk/ndk/28.2.13676358/toolchains/llvm/prebuilt/linux-x86_64/sysroot/usr/lib] ==> dir [/home/goldendarkness/Android/sdk/ndk/28.2.13676358/toolchains/llvm/prebuilt/linux-x86_64/sysroot/usr/lib]
    arg [--build-id=sha1] ==> ignore
    arg [--no-rosegment] ==> ignore
    arg [--no-undefined-version] ==> ignore
    arg [--fatal-warnings] ==> ignore
    arg [--no-undefined] ==> ignore
    arg [CMakeFiles/cmTC_3836f.dir/CMakeCCompilerABI.c.o] ==> ignore
    arg [/home/goldendarkness/Android/sdk/ndk/28.2.13676358/toolchains/llvm/prebuilt/linux-x86_64/lib/clang/19/lib/linux/libclang_rt.builtins-aarch64-android.a] ==> lib [/home/goldendarkness/Android/sdk/ndk/28.2.13676358/toolchains/llvm/prebuilt/linux-x86_64/lib/clang/19/lib/linux/libclang_rt.builtins-aarch64-android.a]
    arg [-l:libunwind.a] ==> lib [-l:libunwind.a]
    arg [-ldl] ==> lib [dl]
    arg [-lc] ==> lib [c]
    arg [/home/goldendarkness/Android/sdk/ndk/28.2.13676358/toolchains/llvm/prebuilt/linux-x86_64/lib/clang/19/lib/linux/libclang_rt.builtins-aarch64-android.a] ==> lib [/home/goldendarkness/Android/sdk/ndk/28.2.13676358/toolchains/llvm/prebuilt/linux-x86_64/lib/clang/19/lib/linux/libclang_rt.builtins-aarch64-android.a]
    arg [-l:libunwind.a] ==> lib [-l:libunwind.a]
    arg [-ldl] ==> lib [dl]
    arg [/home/goldendarkness/Android/sdk/ndk/28.2.13676358/toolchains/llvm/prebuilt/linux-x86_64/sysroot/usr/lib/aarch64-linux-android/24/crtend_android.o] ==> obj [/home/goldendarkness/Android/sdk/ndk/28.2.13676358/toolchains/llvm/prebuilt/linux-x86_64/sysroot/usr/lib/aarch64-linux-android/24/crtend_android.o]
  remove lib [/home/goldendarkness/Android/sdk/ndk/28.2.13676358/toolchains/llvm/prebuilt/linux-x86_64/lib/clang/19/lib/linux/libclang_rt.builtins-aarch64-android.a]
  remove lib [/home/goldendarkness/Android/sdk/ndk/28.2.13676358/toolchains/llvm/prebuilt/linux-x86_64/lib/clang/19/lib/linux/libclang_rt.builtins-aarch64-android.a]
  collapse library dir [/home/goldendarkness/Android/sdk/ndk/28.2.13676358/toolchains/llvm/prebuilt/linux-x86_64/lib/clang/19/lib/linux/aarch64] ==> [/home/goldendarkness/Android/sdk/ndk/28.2.13676358/toolchains/llvm/prebuilt/linux-x86_64/lib/clang/19/lib/linux/aarch64]
  collapse library dir [/home/goldendarkness/Android/sdk/ndk/28.2.13676358/toolchains/llvm/prebuilt/linux-x86_64/sysroot/usr/lib/aarch64-linux-android/24] ==> [/home/goldendarkness/Android/sdk/ndk/28.2.13676358/toolchains/llvm/prebuilt/linux-x86_64/sysroot/usr/lib/aarch64-linux-android/24]
  collapse library dir [/home/goldendarkness/Android/sdk/ndk/28.2.13676358/toolchains/llvm/prebuilt/linux-x86_64/sysroot/usr/lib/aarch64-linux-android] ==> [/home/goldendarkness/Android/sdk/ndk/28.2.13676358/toolchains/llvm/prebuilt/linux-x86_64/sysroot/usr/lib/aarch64-linux-android]
  collapse library dir [/home/goldendarkness/Android/sdk/ndk/28.2.13676358/toolchains/llvm/prebuilt/linux-x86_64/sysroot/usr/lib] ==> [/home/goldendarkness/Android/sdk/ndk/28.2.13676358/toolchains/llvm/prebuilt/linux-x86_64/sysroot/usr/lib]
  implicit libs: [-l:libunwind.a;dl;c;-l:libunwind.a;dl]
  implicit objs: [/home/goldendarkness/Android/sdk/ndk/28.2.13676358/toolchains/llvm/prebuilt/linux-x86_64/sysroot/usr/lib/aarch64-linux-android/24/crtbegin_dynamic.o;/home/goldendarkness/Android/sdk/ndk/28.2.13676358/toolchains/llvm/prebuilt/linux-x86_64/sysroot/usr/lib/aarch64-linux-android/24/crtend_android.o]
  implicit dirs: [/home/goldendarkness/Android/sdk/ndk/28.2.13676358/toolchains/llvm/prebuilt/linux-x86_64/lib/clang/19/lib/linux/aarch64;/home/goldendarkness/Android/sdk/ndk/28.2.13676358/toolchains/llvm/prebuilt/linux-x86_64/sysroot/usr/lib/aarch64-linux-android/24;/home/goldendarkness/Android/sdk/ndk/28.2.13676358/toolchains/llvm/prebuilt/linux-x86_64/sysroot/usr/lib/aarch64-linux-android;/home/goldendarkness/Android/sdk/ndk/28.2.13676358/toolchains/llvm/prebuilt/linux-x86_64/sysroot/usr/lib]
  implicit fwks: []


Detecting CXX compiler ABI info compiled with the following output:
Change Dir: /home/goldendarkness/Documents/YamiSpeaker/android-client/app/.cxx/Debug/5l2j2t2k/arm64-v8a/CMakeFiles/CMakeTmp

Run Build Command(s):/home/goldendarkness/Android/sdk/cmake/3.22.1/bin/ninja cmTC_a0e08 && [1/2] Building CXX object CMakeFiles/cmTC_a0e08.dir/CMakeCXXCompilerABI.cpp.o
Android (13624864, +pgo, +bolt, +lto, +mlgo, based on r530567e) clang version 19.0.1 (https://android.googlesource.com/toolchain/llvm-project 97a699bf4812a18fb657c2779f5296a4ab2694d2)
Target: aarch64-none-linux-android24
Thread model: posix
InstalledDir: /home/goldendarkness/Android/sdk/ndk/28.2.13676358/toolchains/llvm/prebuilt/linux-x86_64/bin
 (in-process)
 "/home/goldendarkness/Android/sdk/ndk/28.2.13676358/toolchains/llvm/prebuilt/linux-x86_64/bin/clang++" -cc1 -triple aarch64-none-linux-android24 -emit-obj -mrelax-all -disable-free -clear-ast-before-backend -disable-llvm-verifier -discard-value-names -main-file-name CMakeCXXCompilerABI.cpp -mrelocation-model pic -pic-level 2 -pic-is-pie -mframe-pointer=non-leaf -ffp-contract=on -fno-rounding-math -mconstructor-aliases -funwind-tables=2 -target-cpu generic -target-feature +v8a -target-feature +fp-armv8 -target-feature +neon -target-feature +fix-cortex-a53-835769 -target-abi aapcs -debug-info-kind=constructor -dwarf-version=4 -debugger-tuning=gdb -fdebug-compilation-dir=/home/goldendarkness/Documents/YamiSpeaker/android-client/app/.cxx/Debug/5l2j2t2k/arm64-v8a/CMakeFiles/CMakeTmp -v -ffunction-sections -fdata-sections -fcoverage-compilation-dir=/home/goldendarkness/Documents/YamiSpeaker/android-client/app/.cxx/Debug/5l2j2t2k/arm64-v8a/CMakeFiles/CMakeTmp -resource-dir /home/goldendarkness/Android/sdk/ndk/28.2.13676358/toolchains/llvm/prebuilt/linux-x86_64/lib/clang/19 -dependency-file CMakeFiles/cmTC_a0e08.dir/CMakeCXXCompilerABI.cpp.o.d -MT CMakeFiles/cmTC_a0e08.dir/CMakeCXXCompilerABI.cpp.o -sys-header-deps -D ANDROID -D _FORTIFY_SOURCE=2 -isysroot /home/goldendarkness/Android/sdk/ndk/28.2.13676358/toolchains/llvm/prebuilt/linux-x86_64/sysroot -internal-isystem /home/goldendarkness/Android/sdk/ndk/28.2.13676358/toolchains/llvm/prebuilt/linux-x86_64/sysroot/usr/include/c++/v1 -internal-isystem /home/goldendarkness/Android/sdk/ndk/28.2.13676358/toolchains/llvm/prebuilt/linux-x86_64/lib/clang/19/include -internal-isystem /home/goldendarkness/Android/sdk/ndk/28.2.13676358/toolchains/llvm/prebuilt/linux-x86_64/sysroot/usr/local/include -internal-externc-isystem /home/goldendarkness/Android/sdk/ndk/28.2.13676358/toolchains/llvm/prebuilt/linux-x86_64/sysroot/usr/include/aarch64-linux-android -internal-externc-isystem /home/goldendarkness/Android/sdk/ndk/28.2.13676358/toolchains/llvm/prebuilt/linux-x86_64/sysroot/include -internal-externc-isystem /home/goldendarkness/Android/sdk/ndk/28.2.13676358/toolchains/llvm/prebuilt/linux-x86_64/sysroot/usr/include -Wformat -fdeprecated-macro -ferror-limit 19 -femulated-tls -stack-protector 2 -fno-signed-char -fgnuc-version=4.2.1 -fskip-odr-check-in-gmf -fcxx-exceptions -fexceptions -target-feature +outline-atomics -D__GCC_HAVE_DWARF2_CFI_ASM=1 -o CMakeFiles/cmTC_a0e08.dir/CMakeCXXCompilerABI.cpp.o -x c++ /home/goldendarkness/Android/sdk/cmake/3.22.1/share/cmake-3.22/Modules/CMakeCXXCompilerABI.cpp
clang -cc1 version 19.0.1 based upon LLVM 19.0.1 default target x86_64-unknown-linux-gnu
ignoring nonexistent directory "/home/goldendarkness/Android/sdk/ndk/28.2.13676358/toolchains/llvm/prebuilt/linux-x86_64/sysroot/usr/local/include"
ignoring nonexistent directory "/home/goldendarkness/Android/sdk/ndk/28.2.13676358/toolchains/llvm/prebuilt/linux-x86_64/sysroot/include"
#include "..." search starts here:
#include <...> search starts here:
 /home/goldendarkness/Android/sdk/ndk/28.2.13676358/toolchains/llvm/prebuilt/linux-x86_64/sysroot/usr/include/c++/v1
 /home/goldendarkness/Android/sdk/ndk/28.2.13676358/toolchains/llvm/prebuilt/linux-x86_64/lib/clang/19/include
 /home/goldendarkness/Android/sdk/ndk/28.2.13676358/toolchains/llvm/prebuilt/linux-x86_64/sysroot/usr/include/aarch64-linux-android
 /home/goldendarkness/Android/sdk/ndk/28.2.13676358/toolchains/llvm/prebuilt/linux-x86_64/sysroot/usr/include
End of search list.
[2/2] Linking CXX executable cmTC_a0e08
Android (13624864, +pgo, +bolt, +lto, +mlgo, based on r530567e) clang version 19.0.1 (https://android.googlesource.com/toolchain/llvm-project 97a699bf4812a18fb657c2779f5296a4ab2694d2)
Target: aarch64-none-linux-android24
Thread model: posix
InstalledDir: /home/goldendarkness/Android/sdk/ndk/28.2.13676358/toolchains/llvm/prebuilt/linux-x86_64/bin
 "/home/goldendarkness/Android/sdk/ndk/28.2.13676358/toolchains/llvm/prebuilt/linux-x86_64/bin/ld.lld" --sysroot=/home/goldendarkness/Android/sdk/ndk/28.2.13676358/toolchains/llvm/prebuilt/linux-x86_64/sysroot -EL --fix-cortex-a53-843419 -z now -z relro -z max-page-size=16384 --hash-style=gnu --eh-frame-hdr -m aarch64linux -pie -dynamic-linker /system/bin/linker64 -o cmTC_a0e08 /home/goldendarkness/Android/sdk/ndk/28.2.13676358/toolchains/llvm/prebuilt/linux-x86_64/sysroot/usr/lib/aarch64-linux-android/24/crtbegin_dynamic.o -L/home/goldendarkness/Android/sdk/ndk/28.2.13676358/toolchains/llvm/prebuilt/linux-x86_64/lib/clang/19/lib/linux/aarch64 -L/home/goldendarkness/Android/sdk/ndk/28.2.13676358/toolchains/llvm/prebuilt/linux-x86_64/sysroot/usr/lib/aarch64-linux-android/24 -L/home/goldendarkness/Android/sdk/ndk/28.2.13676358/toolchains/llvm/prebuilt/linux-x86_64/sysroot/usr/lib/aarch64-linux-android -L/home/goldendarkness/Android/sdk/ndk/28.2.13676358/toolchains/llvm/prebuilt/linux-x86_64/sysroot/usr/lib --build-id=sha1 --no-rosegment --no-undefined-version --fatal-warnings --no-undefined CMakeFiles/cmTC_a0e08.dir/CMakeCXXCompilerABI.cpp.o -Bstatic -lc++ -Bdynamic -lm /home/goldendarkness/Android/sdk/ndk/28.2.13676358/toolchains/llvm/prebuilt/linux-x86_64/lib/clang/19/lib/linux/libclang_rt.builtins-aarch64-android.a -l:libunwind.a -ldl -lc /home/goldendarkness/Android/sdk/ndk/28.2.13676358/toolchains/llvm/prebuilt/linux-x86_64/lib/clang/19/lib/linux/libclang_rt.builtins-aarch64-android.a -l:libunwind.a -ldl /home/goldendarkness/Android/sdk/ndk/28.2.13676358/toolchains/llvm/prebuilt/linux-x86_64/sysroot/usr/lib/aarch64-linux-android/24/crtend_android.o



Parsed CXX implicit include dir info from above output: rv=done
  found start of include info
  found start of implicit include info
    add: [/home/goldendarkness/Android/sdk/ndk/28.2.13676358/toolchains/llvm/prebuilt/linux-x86_64/sysroot/usr/include/c++/v1]
    add: [/home/goldendarkness/Android/sdk/ndk/28.2.13676358/toolchains/llvm/prebuilt/linux-x86_64/lib/clang/19/include]
    add: [/home/goldendarkness/Android/sdk/ndk/28.2.13676358/toolchains/llvm/prebuilt/linux-x86_64/sysroot/usr/include/aarch64-linux-android]
    add: [/home/goldendarkness/Android/sdk/ndk/28.2.13676358/toolchains/llvm/prebuilt/linux-x86_64/sysroot/usr/include]
  end of search list found
  collapse include dir [/home/goldendarkness/Android/sdk/ndk/28.2.13676358/toolchains/llvm/prebuilt/linux-x86_64/sysroot/usr/include/c++/v1] ==> [/home/goldendarkness/Android/sdk/ndk/28.2.13676358/toolchains/llvm/prebuilt/linux-x86_64/sysroot/usr/include/c++/v1]
  collapse include dir [/home/goldendarkness/Android/sdk/ndk/28.2.13676358/toolchains/llvm/prebuilt/linux-x86_64/lib/clang/19/include] ==> [/home/goldendarkness/Android/sdk/ndk/28.2.13676358/toolchains/llvm/prebuilt/linux-x86_64/lib/clang/19/include]
  collapse include dir [/home/goldendarkness/Android/sdk/ndk/28.2.13676358/toolchains/llvm/prebuilt/linux-x86_64/sysroot/usr/include/aarch64-linux-android] ==> [/home/goldendarkness/Android/sdk/ndk/28.2.13676358/toolchains/llvm/prebuilt/linux-x86_64/sysroot/usr/include/aarch64-linux-android]
  collapse include dir [/home/goldendarkness/Android/sdk/ndk/28.2.13676358/toolchains/llvm/prebuilt/linux-x86_64/sysroot/usr/include] ==> [/home/goldendarkness/Android/sdk/ndk/28.2.13676358/toolchains/llvm/prebuilt/linux-x86_64/sysroot/usr/include]
  implicit include dirs: [/home/goldendarkness/Android/sdk/ndk/28.2.13676358/toolchains/llvm/prebuilt/linux-x86_64/sysroot/usr/include/c++/v1;/home/goldendarkness/Android/sdk/ndk/28.2.13676358/toolchains/llvm/prebuilt/linux-x86_64/lib/clang/19/include;/home/goldendarkness/Android/sdk/ndk/28.2.13676358/toolchains/llvm/prebuilt/linux-x86_64/sysroot/usr/include/aarch64-linux-android;/home/goldendarkness/Android/sdk/ndk/28.2.13676358/toolchains/llvm/prebuilt/linux-x86_64/sysroot/usr/include]


Parsed CXX implicit link information from above output:
  link line regex: [^( *|.*[/\])(ld\.lld|CMAKE_LINK_STARTFILE-NOTFOUND|([^/\]+-)?ld|collect2)[^/\]*( |$)]
  ignore line: [Change Dir: /home/goldendarkness/Documents/YamiSpeaker/android-client/app/.cxx/Debug/5l2j2t2k/arm64-v8a/CMakeFiles/CMakeTmp]
  ignore line: []
  ignore line: [Run Build Command(s):/home/goldendarkness/Android/sdk/cmake/3.22.1/bin/ninja cmTC_a0e08 && [1/2] Building CXX object CMakeFiles/cmTC_a0e08.dir/CMakeCXXCompilerABI.cpp.o]
  ignore line: [Android (13624864  +pgo  +bolt  +lto  +mlgo  based on r530567e) clang version 19.0.1 (https://android.googlesource.com/toolchain/llvm-project 97a699bf4812a18fb657c2779f5296a4ab2694d2)]
  ignore line: [Target: aarch64-none-linux-android24]
  ignore line: [Thread model: posix]
  ignore line: [InstalledDir: /home/goldendarkness/Android/sdk/ndk/28.2.13676358/toolchains/llvm/prebuilt/linux-x86_64/bin]
  ignore line: [ (in-process)]
  ignore line: [ "/home/goldendarkness/Android/sdk/ndk/28.2.13676358/toolchains/llvm/prebuilt/linux-x86_64/bin/clang++" -cc1 -triple aarch64-none-linux-android24 -emit-obj -mrelax-all -disable-free -clear-ast-before-backend -disable-llvm-verifier -discard-value-names -main-file-name CMakeCXXCompilerABI.cpp -mrelocation-model pic -pic-level 2 -pic-is-pie -mframe-pointer=non-leaf -ffp-contract=on -fno-rounding-math -mconstructor-aliases -funwind-tables=2 -target-cpu generic -target-feature +v8a -target-feature +fp-armv8 -target-feature +neon -target-feature +fix-cortex-a53-835769 -target-abi aapcs -debug-info-kind=constructor -dwarf-version=4 -debugger-tuning=gdb -fdebug-compilation-dir=/home/goldendarkness/Documents/YamiSpeaker/android-client/app/.cxx/Debug/5l2j2t2k/arm64-v8a/CMakeFiles/CMakeTmp -v -ffunction-sections -fdata-sections -fcoverage-compilation-dir=/home/goldendarkness/Documents/YamiSpeaker/android-client/app/.cxx/Debug/5l2j2t2k/arm64-v8a/CMakeFiles/CMakeTmp -resource-dir /home/goldendarkness/Android/sdk/ndk/28.2.13676358/toolchains/llvm/prebuilt/linux-x86_64/lib/clang/19 -dependency-file CMakeFiles/cmTC_a0e08.dir/CMakeCXXCompilerABI.cpp.o.d -MT CMakeFiles/cmTC_a0e08.dir/CMakeCXXCompilerABI.cpp.o -sys-header-deps -D ANDROID -D _FORTIFY_SOURCE=2 -isysroot /home/goldendarkness/Android/sdk/ndk/28.2.13676358/toolchains/llvm/prebuilt/linux-x86_64/sysroot -internal-isystem /home/goldendarkness/Android/sdk/ndk/28.2.13676358/toolchains/llvm/prebuilt/linux-x86_64/sysroot/usr/include/c++/v1 -internal-isystem /home/goldendarkness/Android/sdk/ndk/28.2.13676358/toolchains/llvm/prebuilt/linux-x86_64/lib/clang/19/include -internal-isystem /home/goldendarkness/Android/sdk/ndk/28.2.13676358/toolchains/llvm/prebuilt/linux-x86_64/sysroot/usr/local/include -internal-externc-isystem /home/goldendarkness/Android/sdk/ndk/28.2.13676358/toolchains/llvm/prebuilt/linux-x86_64/sysroot/usr/include/aarch64-linux-android -internal-externc-isystem /home/goldendarkness/Android/sdk/ndk/28.2.13676358/toolchains/llvm/prebuilt/linux-x86_64/sysroot/include -internal-externc-isystem /home/goldendarkness/Android/sdk/ndk/28.2.13676358/toolchains/llvm/prebuilt/linux-x86_64/sysroot/usr/include -Wformat -fdeprecated-macro -ferror-limit 19 -femulated-tls -stack-protector 2 -fno-signed-char -fgnuc-version=4.2.1 -fskip-odr-check-in-gmf -fcxx-exceptions -fexceptions -target-feature +outline-atomics -D__GCC_HAVE_DWARF2_CFI_ASM=1 -o CMakeFiles/cmTC_a0e08.dir/CMakeCXXCompilerABI.cpp.o -x c++ /home/goldendarkness/Android/sdk/cmake/3.22.1/share/cmake-3.22/Modules/CMakeCXXCompilerABI.cpp]
  ignore line: [clang -cc1 version 19.0.1 based upon LLVM 19.0.1 default target x86_64-unknown-linux-gnu]
  ignore line: [ignoring nonexistent directory "/home/goldendarkness/Android/sdk/ndk/28.2.13676358/toolchains/llvm/prebuilt/linux-x86_64/sysroot/usr/local/include"]
  ignore line: [ignoring nonexistent directory "/home/goldendarkness/Android/sdk/ndk/28.2.13676358/toolchains/llvm/prebuilt/linux-x86_64/sysroot/include"]
  ignore line: [#include "..." search starts here:]
  ignore line: [#include <...> search starts here:]
  ignore line: [ /home/goldendarkness/Android/sdk/ndk/28.2.13676358/toolchains/llvm/prebuilt/linux-x86_64/sysroot/usr/include/c++/v1]
  ignore line: [ /home/goldendarkness/Android/sdk/ndk/28.2.13676358/toolchains/llvm/prebuilt/linux-x86_64/lib/clang/19/include]
  ignore line: [ /home/goldendarkness/Android/sdk/ndk/28.2.13676358/toolchains/llvm/prebuilt/linux-x86_64/sysroot/usr/include/aarch64-linux-android]
  ignore line: [ /home/goldendarkness/Android/sdk/ndk/28.2.13676358/toolchains/llvm/prebuilt/linux-x86_64/sysroot/usr/include]
  ignore line: [End of search list.]
  ignore line: [[2/2] Linking CXX executable cmTC_a0e08]
  ignore line: [Android (13624864  +pgo  +bolt  +lto  +mlgo  based on r530567e) clang version 19.0.1 (https://android.googlesource.com/toolchain/llvm-project 97a699bf4812a18fb657c2779f5296a4ab2694d2)]
  ignore line: [Target: aarch64-none-linux-android24]
  ignore line: [Thread model: posix]
  ignore line: [InstalledDir: /home/goldendarkness/Android/sdk/ndk/28.2.13676358/toolchains/llvm/prebuilt/linux-x86_64/bin]
  link line: [ "/home/goldendarkness/Android/sdk/ndk/28.2.13676358/toolchains/llvm/prebuilt/linux-x86_64/bin/ld.lld" --sysroot=/home/goldendarkness/Android/sdk/ndk/28.2.13676358/toolchains/llvm/prebuilt/linux-x86_64/sysroot -EL --fix-cortex-a53-843419 -z now -z relro -z max-page-size=16384 --hash-style=gnu --eh-frame-hdr -m aarch64linux -pie -dynamic-linker /system/bin/linker64 -o cmTC_a0e08 /home/goldendarkness/Android/sdk/ndk/28.2.13676358/toolchains/llvm/prebuilt/linux-x86_64/sysroot/usr/lib/aarch64-linux-android/24/crtbegin_dynamic.o -L/home/goldendarkness/Android/sdk/ndk/28.2.13676358/toolchains/llvm/prebuilt/linux-x86_64/lib/clang/19/lib/linux/aarch64 -L/home/goldendarkness/Android/sdk/ndk/28.2.13676358/toolchains/llvm/prebuilt/linux-x86_64/sysroot/usr/lib/aarch64-linux-android/24 -L/home/goldendarkness/Android/sdk/ndk/28.2.13676358/toolchains/llvm/prebuilt/linux-x86_64/sysroot/usr/lib/aarch64-linux-android -L/home/goldendarkness/Android/sdk/ndk/28.2.13676358/toolchains/llvm/prebuilt/linux-x86_64/sysroot/usr/lib --build-id=sha1 --no-rosegment --no-undefined-version --fatal-warnings --no-undefined CMakeFiles/cmTC_a0e08.dir/CMakeCXXCompilerABI.cpp.o -Bstatic -lc++ -Bdynamic -lm /home/goldendarkness/Android/sdk/ndk/28.2.13676358/toolchains/llvm/prebuilt/linux-x86_64/lib/clang/19/lib/linux/libclang_rt.builtins-aarch64-android.a -l:libunwind.a -ldl -lc /home/goldendarkness/Android/sdk/ndk/28.2.13676358/toolchains/llvm/prebuilt/linux-x86_64/lib/clang/19/lib/linux/libclang_rt.builtins-aarch64-android.a -l:libunwind.a -ldl /home/goldendarkness/Android/sdk/ndk/28.2.13676358/toolchains/llvm/prebuilt/linux-x86_64/sysroot/usr/lib/aarch64-linux-android/24/crtend_android.o]
    arg [/home/goldendarkness/Android/sdk/ndk/28.2.13676358/toolchains/llvm/prebuilt/linux-x86_64/bin/ld.lld] ==> ignore
    arg [--sysroot=/home/goldendarkness/Android/sdk/ndk/28.2.13676358/toolchains/llvm/prebuilt/linux-x86_64/sysroot] ==> ignore
    arg [-EL] ==> ignore
    arg [--fix-cortex-a53-843419] ==> ignore
    arg [-znow] ==> ignore
    arg [-zrelro] ==> ignore
    arg [-zmax-page-size=16384] ==> ignore
    arg [--hash-style=gnu] ==> ignore
    arg [--eh-frame-hdr] ==> ignore
    arg [-m] ==> ignore
    arg [aarch64linux] ==> ignore
    arg [-pie] ==> ignore
    arg [-dynamic-linker] ==> ignore
    arg [/system/bin/linker64] ==> ignore
    arg [-o] ==> ignore
    arg [cmTC_a0e08] ==> ignore
    arg [/home/goldendarkness/Android/sdk/ndk/28.2.13676358/toolchains/llvm/prebuilt/linux-x86_64/sysroot/usr/lib/aarch64-linux-android/24/crtbegin_dynamic.o] ==> obj [/home/goldendarkness/Android/sdk/ndk/28.2.13676358/toolchains/llvm/prebuilt/linux-x86_64/sysroot/usr/lib/aarch64-linux-android/24/crtbegin_dynamic.o]
    arg [-L/home/goldendarkness/Android/sdk/ndk/28.2.13676358/toolchains/llvm/prebuilt/linux-x86_64/lib/clang/19/lib/linux/aarch64] ==> dir [/home/goldendarkness/Android/sdk/ndk/28.2.13676358/toolchains/llvm/prebuilt/linux-x86_64/lib/clang/19/lib/linux/aarch64]
    arg [-L/home/goldendarkness/Android/sdk/ndk/28.2.13676358/toolchains/llvm/prebuilt/linux-x86_64/sysroot/usr/lib/aarch64-linux-android/24] ==> dir [/home/goldendarkness/Android/sdk/ndk/28.2.13676358/toolchains/llvm/prebuilt/linux-x86_64/sysroot/usr/lib/aarch64-linux-android/24]
    arg [-L/home/goldendarkness/Android/sdk/ndk/28.2.13676358/toolchains/llvm/prebuilt/linux-x86_64/sysroot/usr/lib/aarch64-linux-android] ==> dir [/home/goldendarkness/Android/sdk/ndk/28.2.13676358/toolchains/llvm/prebuilt/linux-x86_64/sysroot/usr/lib/aarch64-linux-android]
    arg [-L/home/goldendarkness/Android/sdk/ndk/28.2.13676358/toolchains/llvm/prebuilt/linux-x86_64/sysroot/usr/lib] ==> dir [/home/goldendarkness/Android/sdk/ndk/28.2.13676358/toolchains/llvm/prebuilt/linux-x86_64/sysroot/usr/lib]
    arg [--build-id=sha1] ==> ignore
    arg [--no-rosegment] ==> ignore
    arg [--no-undefined-version] ==> ignore
    arg [--fatal-warnings] ==> ignore
    arg [--no-undefined] ==> ignore
    arg [CMakeFiles/cmTC_a0e08.dir/CMakeCXXCompilerABI.cpp.o] ==> ignore
    arg [-Bstatic] ==> search static
    arg [-lc++] ==> lib [c++]
    arg [-Bdynamic] ==> search dynamic
    arg [-lm] ==> lib [m]
    arg [/home/goldendarkness/Android/sdk/ndk/28.2.13676358/toolchains/llvm/prebuilt/linux-x86_64/lib/clang/19/lib/linux/libclang_rt.builtins-aarch64-android.a] ==> lib [/home/goldendarkness/Android/sdk/ndk/28.2.13676358/toolchains/llvm/prebuilt/linux-x86_64/lib/clang/19/lib/linux/libclang_rt.builtins-aarch64-android.a]
    arg [-l:libunwind.a] ==> lib [-l:libunwind.a]
    arg [-ldl] ==> lib [dl]
    arg [-lc] ==> lib [c]
    arg [/home/goldendarkness/Android/sdk/ndk/28.2.13676358/toolchains/llvm/prebuilt/linux-x86_64/lib/clang/19/lib/linux/libclang_rt.builtins-aarch64-android.a] ==> lib [/home/goldendarkness/Android/sdk/ndk/28.2.13676358/toolchains/llvm/prebuilt/linux-x86_64/lib/clang/19/lib/linux/libclang_rt.builtins-aarch64-android.a]
    arg [-l:libunwind.a] ==> lib [-l:libunwind.a]
    arg [-ldl] ==> lib [dl]
    arg [/home/goldendarkness/Android/sdk/ndk/28.2.13676358/toolchains/llvm/prebuilt/linux-x86_64/sysroot/usr/lib/aarch64-linux-android/24/crtend_android.o] ==> obj [/home/goldendarkness/Android/sdk/ndk/28.2.13676358/toolchains/llvm/prebuilt/linux-x86_64/sysroot/usr/lib/aarch64-linux-android/24/crtend_android.o]
  remove lib [/home/goldendarkness/Android/sdk/ndk/28.2.13676358/toolchains/llvm/prebuilt/linux-x86_64/lib/clang/19/lib/linux/libclang_rt.builtins-aarch64-android.a]
  remove lib [/home/goldendarkness/Android/sdk/ndk/28.2.13676358/toolchains/llvm/prebuilt/linux-x86_64/lib/clang/19/lib/linux/libclang_rt.builtins-aarch64-android.a]
  collapse library dir [/home/goldendarkness/Android/sdk/ndk/28.2.13676358/toolchains/llvm/prebuilt/linux-x86_64/lib/clang/19/lib/linux/aarch64] ==> [/home/goldendarkness/Android/sdk/ndk/28.2.13676358/toolchains/llvm/prebuilt/linux-x86_64/lib/clang/19/lib/linux/aarch64]
  collapse library dir [/home/goldendarkness/Android/sdk/ndk/28.2.13676358/toolchains/llvm/prebuilt/linux-x86_64/sysroot/usr/lib/aarch64-linux-android/24] ==> [/home/goldendarkness/Android/sdk/ndk/28.2.13676358/toolchains/llvm/prebuilt/linux-x86_64/sysroot/usr/lib/aarch64-linux-android/24]
  collapse library dir [/home/goldendarkness/Android/sdk/ndk/28.2.13676358/toolchains/llvm/prebuilt/linux-x86_64/sysroot/usr/lib/aarch64-linux-android] ==> [/home/goldendarkness/Android/sdk/ndk/28.2.13676358/toolchains/llvm/prebuilt/linux-x86_64/sysroot/usr/lib/aarch64-linux-android]
  collapse library dir [/home/goldendarkness/Android/sdk/ndk/28.2.13676358/toolchains/llvm/prebuilt/linux-x86_64/sysroot/usr/lib] ==> [/home/goldendarkness/Android/sdk/ndk/28.2.13676358/toolchains/llvm/prebuilt/linux-x86_64/sysroot/usr/lib]
  implicit libs: [c++;m;-l:libunwind.a;dl;c;-l:libunwind.a;dl]
  implicit objs: [/home/goldendarkness/Android/sdk/ndk/28.2.13676358/toolchains/llvm/prebuilt/linux-x86_64/sysroot/usr/lib/aarch64-linux-android/24/crtbegin_dynamic.o;/home/goldendarkness/Android/sdk/ndk/28.2.13676358/toolchains/llvm/prebuilt/linux-x86_64/sysroot/usr/lib/aarch64-linux-android/24/crtend_android.o]
  implicit dirs: [/home/goldendarkness/Android/sdk/ndk/28.2.13676358/toolchains/llvm/prebuilt/linux-x86_64/lib/clang/19/lib/linux/aarch64;/home/goldendarkness/Android/sdk/ndk/28.2.13676358/toolchains/llvm/prebuilt/linux-x86_64/sysroot/usr/lib/aarch64-linux-android/24;/home/goldendarkness/Android/sdk/ndk/28.2.13676358/toolchains/llvm/prebuilt/linux-x86_64/sysroot/usr/lib/aarch64-linux-android;/home/goldendarkness/Android/sdk/ndk/28.2.13676358/toolchains/llvm/prebuilt/linux-x86_64/sysroot/usr/lib]
  implicit fwks: []


Determining if the include file alloca.h exists passed with the following output:
Change Dir: /home/goldendarkness/Documents/YamiSpeaker/android-client/app/.cxx/Debug/5l2j2t2k/arm64-v8a/CMakeFiles/CMakeTmp

Run Build Command(s):/home/goldendarkness/Android/sdk/cmake/3.22.1/bin/ninja cmTC_fd670 && [1/2] Building C object CMakeFiles/cmTC_fd670.dir/CheckIncludeFile.c.o
[2/2] Linking C executable cmTC_fd670



Determining if the alloca exist passed with the following output:
Change Dir: /home/goldendarkness/Documents/YamiSpeaker/android-client/app/.cxx/Debug/5l2j2t2k/arm64-v8a/CMakeFiles/CMakeTmp

Run Build Command(s):/home/goldendarkness/Android/sdk/cmake/3.22.1/bin/ninja cmTC_db09c && [1/2] Building C object CMakeFiles/cmTC_db09c.dir/CheckSymbolExists.c.o
[2/2] Linking C executable cmTC_db09c


File /home/goldendarkness/Documents/YamiSpeaker/android-client/app/.cxx/Debug/5l2j2t2k/arm64-v8a/CMakeFiles/CMakeTmp/CheckSymbolExists.c:
/* */
#include <alloca.h>

int main(int argc, char** argv)
{
  (void)argv;
#ifndef alloca
  return ((int*)(&alloca))[argc];
#else
  (void)argc;
  return 0;
#endif
}
Determining if the function floor exists in the m passed with the following output:
Change Dir: /home/goldendarkness/Documents/YamiSpeaker/android-client/app/.cxx/Debug/5l2j2t2k/arm64-v8a/CMakeFiles/CMakeTmp

Run Build Command(s):/home/goldendarkness/Android/sdk/cmake/3.22.1/bin/ninja cmTC_62a3e && [1/2] Building C object CMakeFiles/cmTC_62a3e.dir/CheckFunctionExists.c.o
/home/goldendarkness/Android/sdk/cmake/3.22.1/share/cmake-3.22/Modules/CheckFunctionExists.c:7:3: warning: incompatible redeclaration of library function 'floor' [-Wincompatible-library-redeclaration]
    7 |   CHECK_FUNCTION_EXISTS(void);
      |   ^
<command line>:3:31: note: expanded from macro 'CHECK_FUNCTION_EXISTS'
    3 | #define CHECK_FUNCTION_EXISTS floor
      |                               ^
/home/goldendarkness/Android/sdk/cmake/3.22.1/share/cmake-3.22/Modules/CheckFunctionExists.c:7:3: note: 'floor' is a builtin with type 'double (double)'
<command line>:3:31: note: expanded from macro 'CHECK_FUNCTION_EXISTS'
    3 | #define CHECK_FUNCTION_EXISTS floor
      |                               ^
1 warning generated.
[2/2] Linking C executable cmTC_62a3e



Determining if the lrintf exist passed with the following output:
Change Dir: /home/goldendarkness/Documents/YamiSpeaker/android-client/app/.cxx/Debug/5l2j2t2k/arm64-v8a/CMakeFiles/CMakeTmp

Run Build Command(s):/home/goldendarkness/Android/sdk/cmake/3.22.1/bin/ninja cmTC_0dbca && [1/2] Building C object CMakeFiles/cmTC_0dbca.dir/CheckSymbolExists.c.o
[2/2] Linking C executable cmTC_0dbca


File /home/goldendarkness/Documents/YamiSpeaker/android-client/app/.cxx/Debug/5l2j2t2k/arm64-v8a/CMakeFiles/CMakeTmp/CheckSymbolExists.c:
/* */
#include <math.h>

int main(int argc, char** argv)
{
  (void)argv;
#ifndef lrintf
  return ((int*)(&lrintf))[argc];
#else
  (void)argc;
  return 0;
#endif
}
Determining if the lrint exist passed with the following output:
Change Dir: /home/goldendarkness/Documents/YamiSpeaker/android-client/app/.cxx/Debug/5l2j2t2k/arm64-v8a/CMakeFiles/CMakeTmp

Run Build Command(s):/home/goldendarkness/Android/sdk/cmake/3.22.1/bin/ninja cmTC_693b6 && [1/2] Building C object CMakeFiles/cmTC_693b6.dir/CheckSymbolExists.c.o
[2/2] Linking C executable cmTC_693b6


File /home/goldendarkness/Documents/YamiSpeaker/android-client/app/.cxx/Debug/5l2j2t2k/arm64-v8a/CMakeFiles/CMakeTmp/CheckSymbolExists.c:
/* */
#include <math.h>

int main(int argc, char** argv)
{
  (void)argv;
#ifndef lrint
  return ((int*)(&lrint))[argc];
#else
  (void)argc;
  return 0;
#endif
}
Determining if the include file arm_neon.h exists passed with the following output:
Change Dir: /home/goldendarkness/Documents/YamiSpeaker/android-client/app/.cxx/Debug/5l2j2t2k/arm64-v8a/CMakeFiles/CMakeTmp

Run Build Command(s):/home/goldendarkness/Android/sdk/cmake/3.22.1/bin/ninja cmTC_91aab && [1/2] Building C object CMakeFiles/cmTC_91aab.dir/CheckIncludeFile.c.o
[2/2] Linking C executable cmTC_91aab



Performing C SOURCE FILE Test FAST_MATH_SUPPORTED succeeded with the following output:
Change Dir: /home/goldendarkness/Documents/YamiSpeaker/android-client/app/.cxx/Debug/5l2j2t2k/arm64-v8a/CMakeFiles/CMakeTmp

Run Build Command(s):/home/goldendarkness/Android/sdk/cmake/3.22.1/bin/ninja cmTC_4420e && [1/2] Building C object CMakeFiles/cmTC_4420e.dir/src.c.o
[2/2] Linking C executable cmTC_4420e


Source file was:
int main(void) { return 0; }
Performing C SOURCE FILE Test STACK_PROTECTOR_SUPPORTED succeeded with the following output:
Change Dir: /home/goldendarkness/Documents/YamiSpeaker/android-client/app/.cxx/Debug/5l2j2t2k/arm64-v8a/CMakeFiles/CMakeTmp

Run Build Command(s):/home/goldendarkness/Android/sdk/cmake/3.22.1/bin/ninja cmTC_8e8b4 && [1/2] Building C object CMakeFiles/cmTC_8e8b4.dir/src.c.o
[2/2] Linking C executable cmTC_8e8b4


Source file was:
int main(void) { return 0; }
Performing C SOURCE FILE Test HIDDEN_VISIBILITY_SUPPORTED succeeded with the following output:
Change Dir: /home/goldendarkness/Documents/YamiSpeaker/android-client/app/.cxx/Debug/5l2j2t2k/arm64-v8a/CMakeFiles/CMakeTmp

Run Build Command(s):/home/goldendarkness/Android/sdk/cmake/3.22.1/bin/ninja cmTC_9ea04 && [1/2] Building C object CMakeFiles/cmTC_9ea04.dir/src.c.o
[2/2] Linking C executable cmTC_9ea04


Source file was:
int main(void) { return 0; }
Performing C SOURCE FILE Test Wall_SUPPORTED succeeded with the following output:
Change Dir: /home/goldendarkness/Documents/YamiSpeaker/android-client/app/.cxx/Debug/5l2j2t2k/arm64-v8a/CMakeFiles/CMakeTmp

Run Build Command(s):/home/goldendarkness/Android/sdk/cmake/3.22.1/bin/ninja cmTC_8ad8b && [1/2] Building C object CMakeFiles/cmTC_8ad8b.dir/src.c.o
[2/2] Linking C executable cmTC_8ad8b


Source file was:
int main(void) { return 0; }
Performing C SOURCE FILE Test W_SUPPORTED succeeded with the following output:
Change Dir: /home/goldendarkness/Documents/YamiSpeaker/android-client/app/.cxx/Debug/5l2j2t2k/arm64-v8a/CMakeFiles/CMakeTmp

Run Build Command(s):/home/goldendarkness/Android/sdk/cmake/3.22.1/bin/ninja cmTC_f1073 && [1/2] Building C object CMakeFiles/cmTC_f1073.dir/src.c.o
[2/2] Linking C executable cmTC_f1073


Source file was:
int main(void) { return 0; }
Performing C SOURCE FILE Test Wstrictprototypes_SUPPORTED succeeded with the following output:
Change Dir: /home/goldendarkness/Documents/YamiSpeaker/android-client/app/.cxx/Debug/5l2j2t2k/arm64-v8a/CMakeFiles/CMakeTmp

Run Build Command(s):/home/goldendarkness/Android/sdk/cmake/3.22.1/bin/ninja cmTC_2bdcf && [1/2] Building C object CMakeFiles/cmTC_2bdcf.dir/src.c.o
[2/2] Linking C executable cmTC_2bdcf


Source file was:
int main(void) { return 0; }
Performing C SOURCE FILE Test Wextra_SUPPORTED succeeded with the following output:
Change Dir: /home/goldendarkness/Documents/YamiSpeaker/android-client/app/.cxx/Debug/5l2j2t2k/arm64-v8a/CMakeFiles/CMakeTmp

Run Build Command(s):/home/goldendarkness/Android/sdk/cmake/3.22.1/bin/ninja cmTC_f1ea6 && [1/2] Building C object CMakeFiles/cmTC_f1ea6.dir/src.c.o
[2/2] Linking C executable cmTC_f1ea6


Source file was:
int main(void) { return 0; }
Performing C SOURCE FILE Test Wcastalign_SUPPORTED succeeded with the following output:
Change Dir: /home/goldendarkness/Documents/YamiSpeaker/android-client/app/.cxx/Debug/5l2j2t2k/arm64-v8a/CMakeFiles/CMakeTmp

Run Build Command(s):/home/goldendarkness/Android/sdk/cmake/3.22.1/bin/ninja cmTC_da196 && [1/2] Building C object CMakeFiles/cmTC_da196.dir/src.c.o
[2/2] Linking C executable cmTC_da196


Source file was:
int main(void) { return 0; }
Performing C SOURCE FILE Test Wnestedexterns_SUPPORTED succeeded with the following output:
Change Dir: /home/goldendarkness/Documents/YamiSpeaker/android-client/app/.cxx/Debug/5l2j2t2k/arm64-v8a/CMakeFiles/CMakeTmp

Run Build Command(s):/home/goldendarkness/Android/sdk/cmake/3.22.1/bin/ninja cmTC_f1892 && [1/2] Building C object CMakeFiles/cmTC_f1892.dir/src.c.o
[2/2] Linking C executable cmTC_f1892


Source file was:
int main(void) { return 0; }
Performing C SOURCE FILE Test Wshadow_SUPPORTED succeeded with the following output:
Change Dir: /home/goldendarkness/Documents/YamiSpeaker/android-client/app/.cxx/Debug/5l2j2t2k/arm64-v8a/CMakeFiles/CMakeTmp

Run Build Command(s):/home/goldendarkness/Android/sdk/cmake/3.22.1/bin/ninja cmTC_4c32a && [1/2] Building C object CMakeFiles/cmTC_4c32a.dir/src.c.o
[2/2] Linking C executable cmTC_4c32a


Source file was:
int main(void) { return 0; }
